[      88ms] [INFO] %cDownload the React DevTools for a better development experience: https://react.dev/link/react-devtools font-weight:bold @ http://localhost:3000/_next/static/chunks/node_modules_next_dist_1e8vcs8._.js:776
[      94ms] [LOG] [HMR] connected @ http://localhost:3000/_next/static/chunks/node_modules_next_dist_1e8vcs8._.js:776
[     148ms] [ERROR] Failed to load resource: the server responded with a status of 401 (Unauthorized) @ http://localhost:5100/api/admin/vehicles/makes?page=1&pageSize=30:0
[     149ms] [ERROR] Failed to load resource: the server responded with a status of 401 (Unauthorized) @ http://localhost:5100/api/admin/vehicles/makes?page=1&pageSize=30:0
[     446ms] [ERROR] Failed to load resource: the server responded with a status of 401 (Unauthorized) @ http://localhost:5100/api/admin/vehicles/makes?page=1&pageSize=30:0
[   10383ms] [LOG] [Fast Refresh] rebuilding @ http://localhost:3000/_next/static/chunks/node_modules_next_dist_1e8vcs8._.js:776
[   10404ms] [ERROR] Failed to load resource: the server responded with a status of 401 (Unauthorized) @ http://localhost:5100/api/admin/vehicles/makes?page=1&pageSize=30:0
[   10406ms] [ERROR] Failed to load resource: the server responded with a status of 401 (Unauthorized) @ http://localhost:5100/api/admin/vehicles/makes?page=1&pageSize=30:0
[   10470ms] [LOG] [Fast Refresh] done in 47ms @ http://localhost:3000/_next/static/chunks/node_modules_next_dist_1e8vcs8._.js:776
[   10702ms] [ERROR] Failed to load resource: the server responded with a status of 401 (Unauthorized) @ http://localhost:5100/api/admin/vehicles/makes?page=1&pageSize=30:0
[   13056ms] [LOG] [Fast Refresh] rebuilding @ http://localhost:3000/_next/static/chunks/node_modules_next_dist_1e8vcs8._.js:776
[   13067ms] [ERROR] The final argument passed to %s changed size between renders. The order and size of this array must remain constant.

Previous: %s
Incoming: %s useEffect [async (page = 1, search = '')=>{
            if (!accessToken) return;
            setLoading(true);
            try {
                const res = await __TURBOPACK__imported__module__$5b$project$5d2f$src$2f$lib$2f$api$2e$ts__$5b$app$2d$client$5d$__$28$ecmascript$29$__["api"].admin.vehicles.getMakes(accessToken, {
                    page,
                    pageSize: PAGE_SIZE,
                    search: search || undefined
                });
                setMakes(res.items);
                setMakesTotal(res.total);
                setMakesPage(page);
            } catch  {
                setMakes([]);
            } finally{
                setLoading(false);
            }
        }] [true, eyJhbGciOiJIUzI1NiIsInR5cCI6IkpXVCJ9.eyJodHRwOi8vc2NoZW1hcy54bWxzb2FwLm9yZy93cy8yMDA1LzA1L2lkZW50aXR5L2NsYWltcy9uYW1laWRlbnRpZmllciI6Ijc5NjkwMWI4LTYwYzQtNDY2YS04ZTM5LWFiOTNiNTIyOTBjZSIsImh0dHA6Ly9zY2hlbWFzLnhtbHNvYXAub3JnL3dzLzIwMDUvMDUvaWRlbnRpdHkvY2xhaW1zL2VtYWlsYWRkcmVzcyI6ImFkbWluQGFraW5lbC5jb20iLCJodHRwOi8vc2NoZW1hcy5taWNyb3NvZnQuY29tL3dzLzIwMDgvMDYvaWRlbnRpdHkvY2xhaW1zL3JvbGUiOiJBZG1pbiIsImZpcnN0TmFtZSI6IkFkbWluIiwiZXhwIjoxNzkwMjA0MzYwLCJpc3MiOiJha2luZWwtYXBpIiwiYXVkIjoiYWtpbmVsLXdlYiJ9.W-sxDZ5JjIIreGOldaKDUx-PQo2WZnQYR6nUKRCjh3k, async (page = 1, search = '')=>{
            if (!accessToken) return;
            setLoading(true);
            try {
                const res = await __TURBOPACK__imported__module__$5b$project$5d2f$src$2f$lib$2f$api$2e$ts__$5b$app$2d$client$5d$__$28$ecmascript$29$__["api"].admin.vehicles.getMakes(accessToken, {
                    page,
                    pageSize: PAGE_SIZE,
                    search: search || undefined
                });
                setMakes(res.items);
                setMakesTotal(res.total);
                setMakesPage(page);
            } catch  {
                setMakes([]);
            } finally{
                setLoading(false);
            }
        }] @ http://localhost:3000/_next/static/chunks/node_modules_next_dist_1e8vcs8._.js:1052
[   13076ms] [ERROR] Failed to load resource: the server responded with a status of 401 (Unauthorized) @ http://localhost:5100/api/admin/vehicles/makes?page=1&pageSize=30:0
[   13126ms] [LOG] [Fast Refresh] done in 12ms @ http://localhost:3000/_next/static/chunks/node_modules_next_dist_1e8vcs8._.js:776
[   13378ms] [ERROR] Failed to load resource: the server responded with a status of 401 (Unauthorized) @ http://localhost:5100/api/admin/vehicles/makes?page=1&pageSize=30:0
[   17638ms] [LOG] [Fast Refresh] rebuilding @ http://localhost:3000/_next/static/chunks/node_modules_next_dist_1e8vcs8._.js:776
[   17656ms] [ERROR] Failed to load resource: the server responded with a status of 401 (Unauthorized) @ http://localhost:5100/api/admin/vehicles/makes?page=1&pageSize=30:0
[   17656ms] [ERROR] Failed to load resource: the server responded with a status of 401 (Unauthorized) @ http://localhost:5100/api/admin/vehicles/makes?page=1&pageSize=30:0
[   17693ms] [LOG] [Fast Refresh] done in 14ms @ http://localhost:3000/_next/static/chunks/node_modules_next_dist_1e8vcs8._.js:776
[   17958ms] [ERROR] Failed to load resource: the server responded with a status of 401 (Unauthorized) @ http://localhost:5100/api/admin/vehicles/makes?page=1&pageSize=30:0
