[      86ms] [INFO] %cDownload the React DevTools for a better development experience: https://react.dev/link/react-devtools font-weight:bold @ http://localhost:3000/_next/static/chunks/node_modules_next_dist_1e8vcs8._.js:776
[      94ms] [LOG] [HMR] connected @ http://localhost:3000/_next/static/chunks/node_modules_next_dist_1e8vcs8._.js:776
[   50214ms] [LOG] [Fast Refresh] rebuilding @ http://localhost:3000/_next/static/chunks/node_modules_next_dist_1e8vcs8._.js:776
[   50251ms] [LOG] [Fast Refresh] done in 13ms @ http://localhost:3000/_next/static/chunks/node_modules_next_dist_1e8vcs8._.js:776
[   58030ms] [LOG] [Fast Refresh] done in 7793ms @ http://localhost:3000/_next/static/chunks/node_modules_next_dist_1e8vcs8._.js:776
[   67403ms] [LOG] [Fast Refresh] done in 17167ms @ http://localhost:3000/_next/static/chunks/node_modules_next_dist_1e8vcs8._.js:776
[   70667ms] [LOG] [Fast Refresh] done in 20430ms @ http://localhost:3000/_next/static/chunks/node_modules_next_dist_1e8vcs8._.js:776
[   73498ms] [LOG] [Fast Refresh] done in 23260ms @ http://localhost:3000/_next/static/chunks/node_modules_next_dist_1e8vcs8._.js:776
[  621701ms] [LOG] [Fast Refresh] done in 23260ms @ http://localhost:3000/_next/static/chunks/node_modules_next_dist_1e8vcs8._.js:776
[  626022ms] [LOG] [Fast Refresh] done in 23260ms @ http://localhost:3000/_next/static/chunks/node_modules_next_dist_1e8vcs8._.js:776
[  631817ms] [LOG] [Fast Refresh] done in 581576ms @ http://localhost:3000/_next/static/chunks/node_modules_next_dist_1e8vcs8._.js:776
[  637102ms] [LOG] [Fast Refresh] done in 586866ms @ http://localhost:3000/_next/static/chunks/node_modules_next_dist_1e8vcs8._.js:776
[  643542ms] [LOG] [Fast Refresh] done in 593301ms @ http://localhost:3000/_next/static/chunks/node_modules_next_dist_1e8vcs8._.js:776
[  657094ms] [LOG] [Fast Refresh] rebuilding @ http://localhost:3000/_next/static/chunks/node_modules_next_dist_1e8vcs8._.js:776
[  657142ms] [LOG] [Fast Refresh] done in 16ms @ http://localhost:3000/_next/static/chunks/node_modules_next_dist_1e8vcs8._.js:776
[  661102ms] [LOG] [Fast Refresh] done in 3987ms @ http://localhost:3000/_next/static/chunks/node_modules_next_dist_1e8vcs8._.js:776
[  669632ms] [LOG] [Fast Refresh] rebuilding @ http://localhost:3000/_next/static/chunks/node_modules_next_dist_1e8vcs8._.js:776
[  669676ms] [LOG] [Fast Refresh] done in 6ms @ http://localhost:3000/_next/static/chunks/node_modules_next_dist_1e8vcs8._.js:776
[  681875ms] [LOG] [Fast Refresh] done in 12210ms @ http://localhost:3000/_next/static/chunks/node_modules_next_dist_1e8vcs8._.js:776
[  688477ms] [LOG] [Fast Refresh] done in 18812ms @ http://localhost:3000/_next/static/chunks/node_modules_next_dist_1e8vcs8._.js:776
[  693655ms] [LOG] [Fast Refresh] done in 23992ms @ http://localhost:3000/_next/static/chunks/node_modules_next_dist_1e8vcs8._.js:776
[  710416ms] [LOG] [Fast Refresh] rebuilding @ http://localhost:3000/_next/static/chunks/node_modules_next_dist_1e8vcs8._.js:776
[  710464ms] [ERROR] ./src/app/(shop)/checkout/page.tsx:18:1
Error: Module not found: Can't resolve '@/components/ui/checkbox'
  16 | import { Input } from '@/components/ui/input';
  17 | import { Label } from '@/components/ui/label';
> 18 | import { Checkbox } from '@/components/ui/checkbox';
     | ^^^^^^^^^^^^^^^^^^^^^^^^^^^^^^^^^^^^^^^^^^^^^^^^^^^^
  19 |
  20 | const checkoutSchema = z.object({
  21 |   customerName: z.string().min(2, 'Ad soyad en az 2 karakter olmalıdır'),

Import map: aliased to relative './src/components/ui/checkbox' inside of [project]/

Import traces:
  Client Component Browser:
    ./src/app/(shop)/checkout/page.tsx [Client Component Browser]
    ./src/app/(shop)/checkout/page.tsx [Server Component]

  Client Component SSR:
    ./src/app/(shop)/checkout/page.tsx [Client Component SSR]
    ./src/app/(shop)/checkout/page.tsx [Server Component]

https://nextjs.org/docs/messages/module-not-found @ http://localhost:3000/_next/static/chunks/node_modules_next_dist_1e8vcs8._.js:1052
[  714573ms] [ERROR] ./src/app/(shop)/checkout/page.tsx:18:1
Error: Module not found: Can't resolve '@/components/ui/checkbox'
  16 | import { Input } from '@/components/ui/input';
  17 | import { Label } from '@/components/ui/label';
> 18 | import { Checkbox } from '@/components/ui/checkbox';
     | ^^^^^^^^^^^^^^^^^^^^^^^^^^^^^^^^^^^^^^^^^^^^^^^^^^^^
  19 |
  20 | const checkoutSchema = z.object({
  21 |   customerName: z.string().min(2, 'Ad soyad en az 2 karakter olmalıdır'),

Import map: aliased to relative './src/components/ui/checkbox' inside of [project]/

Import traces:
  Client Component Browser:
    ./src/app/(shop)/checkout/page.tsx [Client Component Browser]
    ./src/app/(shop)/checkout/page.tsx [Server Component]

  Client Component SSR:
    ./src/app/(shop)/checkout/page.tsx [Client Component SSR]
    ./src/app/(shop)/checkout/page.tsx [Server Component]

https://nextjs.org/docs/messages/module-not-found @ http://localhost:3000/_next/static/chunks/node_modules_next_dist_1e8vcs8._.js:1052
[  718971ms] [ERROR] ./src/app/(shop)/checkout/page.tsx:18:1
Error: Module not found: Can't resolve '@/components/ui/checkbox'
  16 | import { Input } from '@/components/ui/input';
  17 | import { Label } from '@/components/ui/label';
> 18 | import { Checkbox } from '@/components/ui/checkbox';
     | ^^^^^^^^^^^^^^^^^^^^^^^^^^^^^^^^^^^^^^^^^^^^^^^^^^^^
  19 |
  20 | const checkoutSchema = z.object({
  21 |   customerName: z.string().min(2, 'Ad soyad en az 2 karakter olmalıdır'),

Import map: aliased to relative './src/components/ui/checkbox' inside of [project]/

Import traces:
  Client Component Browser:
    ./src/app/(shop)/checkout/page.tsx [Client Component Browser]
    ./src/app/(shop)/checkout/page.tsx [Server Component]

  Client Component SSR:
    ./src/app/(shop)/checkout/page.tsx [Client Component SSR]
    ./src/app/(shop)/checkout/page.tsx [Server Component]

https://nextjs.org/docs/messages/module-not-found @ http://localhost:3000/_next/static/chunks/node_modules_next_dist_1e8vcs8._.js:1052
[  719173ms] [LOG] [Fast Refresh] rebuilding @ http://localhost:3000/_next/static/chunks/node_modules_next_dist_1e8vcs8._.js:776
[  719197ms] [ERROR] ./src/app/(shop)/checkout/page.tsx:18:1
Error: Module not found: Can't resolve '@/components/ui/checkbox'
  16 | import { Input } from '@/components/ui/input';
  17 | import { Label } from '@/components/ui/label';
> 18 | import { Checkbox } from '@/components/ui/checkbox';
     | ^^^^^^^^^^^^^^^^^^^^^^^^^^^^^^^^^^^^^^^^^^^^^^^^^^^^
  19 |
  20 | const checkoutSchema = z.object({
  21 |   customerName: z.string().min(2, 'Ad soyad en az 2 karakter olmalıdır'),

Import map: aliased to relative './src/components/ui/checkbox' inside of [project]/

Import traces:
  Client Component Browser:
    ./src/app/(shop)/checkout/page.tsx [Client Component Browser]
    ./src/app/(shop)/checkout/page.tsx [Server Component]

  Client Component SSR:
    ./src/app/(shop)/checkout/page.tsx [Client Component SSR]
    ./src/app/(shop)/checkout/page.tsx [Server Component]

https://nextjs.org/docs/messages/module-not-found @ http://localhost:3000/_next/static/chunks/node_modules_next_dist_1e8vcs8._.js:1052
[  719318ms] [ERROR] ./src/app/(shop)/checkout/page.tsx:18:1
Error: Module not found: Can't resolve '@/components/ui/checkbox'
  16 | import { Input } from '@/components/ui/input';
  17 | import { Label } from '@/components/ui/label';
> 18 | import { Checkbox } from '@/components/ui/checkbox';
     | ^^^^^^^^^^^^^^^^^^^^^^^^^^^^^^^^^^^^^^^^^^^^^^^^^^^^
  19 |
  20 | const checkoutSchema = z.object({
  21 |   customerName: z.string().min(2, 'Ad soyad en az 2 karakter olmalıdır'),

Import map: aliased to relative './src/components/ui/checkbox' inside of [project]/

Import traces:
  Client Component Browser:
    ./src/app/(shop)/checkout/page.tsx [Client Component Browser]
    ./src/app/(shop)/checkout/page.tsx [Server Component]

  Client Component SSR:
    ./src/app/(shop)/checkout/page.tsx [Client Component SSR]
    ./src/app/(shop)/checkout/page.tsx [Server Component]

https://nextjs.org/docs/messages/module-not-found @ http://localhost:3000/_next/static/chunks/node_modules_next_dist_1e8vcs8._.js:1052
[  719396ms] [ERROR] Failed to load resource: the server responded with a status of 500 (Internal Server Error) @ http://localhost:3000/products/bosch-fren-balata-seti-test-urunu?_rsc=iwlubNghvsuOoOQG:0
[  719405ms] [ERROR] Failed to load resource: the server responded with a status of 500 (Internal Server Error) @ http://localhost:3000/products/bosch-fren-balata-seti-test-urunu?_rsc=iwlubNghvsuOoOQG:0
[  719427ms] [ERROR] Failed to load resource: the server responded with a status of 500 (Internal Server Error) @ http://localhost:3000/products/bosch-fren-balata-seti-test-urunu:0
[  719489ms] [INFO] %cDownload the React DevTools for a better development experience: https://react.dev/link/react-devtools font-weight:bold @ http://localhost:3000/_next/static/chunks/node_modules_react-dom_0kla17-._.js:15093
[  719511ms] Error: ./src/app/(shop)/checkout/page.tsx:18:1
Error: Module not found: Can't resolve '@/components/ui/checkbox'
  16 | import { Input } from '@/components/ui/input';
  17 | import { Label } from '@/components/ui/label';
> 18 | import { Checkbox } from '@/components/ui/checkbox';
     | ^^^^^^^^^^^^^^^^^^^^^^^^^^^^^^^^^^^^^^^^^^^^^^^^^^^^
  19 |
  20 | const checkoutSchema = z.object({
  21 |   customerName: z.string().min(2, 'Ad soyad en az 2 karakter olmalıdır'),

Import map: aliased to relative './src/components/ui/checkbox' inside of [project]/


Import traces:
  Client Component Browser:
    ./src/app/(shop)/checkout/page.tsx [Client Component Browser]
    ./src/app/(shop)/checkout/page.tsx [Server Component]

  Client Component SSR:
    ./src/app/(shop)/checkout/page.tsx [Client Component SSR]
    ./src/app/(shop)/checkout/page.tsx [Server Component]

https://nextjs.org/docs/messages/module-not-found


    at <unknown> (Error: ./src/app/(shop)/checkout/page.tsx:18:1)
    at <unknown> (https://nextjs.org/docs/messages/module-not-found)
    at Object.getCompilationErrors (file:///Users/sercanfurunci/Desktop/akinel-yedekparca/apps/web/node_modules/next/dist/server/dev/hot-reloader-turbopack.js:1417:59)
    at DevBundlerService.getCompilationError (file:///Users/sercanfurunci/Desktop/akinel-yedekparca/apps/web/node_modules/next/dist/server/lib/dev-bundler-service.js:59:55)
    at DevServer.getCompilationError (file:///Users/sercanfurunci/Desktop/akinel-yedekparca/apps/web/node_modules/next/dist/server/dev/next-dev-server.js:754:42)
    at DevServer.findPageComponents (file:///Users/sercanfurunci/Desktop/akinel-yedekparca/apps/web/node_modules/next/dist/server/dev/next-dev-server.js:724:43)
    at async DevServer.renderErrorToResponseImpl (file:///Users/sercanfurunci/Desktop/akinel-yedekparca/apps/web/node_modules/next/dist/server/base-server.js:1828:26)
[  719511ms] [LOG] [HMR] connected @ http://localhost:3000/_next/static/chunks/node_modules_next_dist_1gdrd03._.js:756
[  719512ms] [ERROR] ./src/app/(shop)/checkout/page.tsx:18:1
Error: Module not found: Can't resolve '@/components/ui/checkbox'
  16 | import { Input } from '@/components/ui/input';
  17 | import { Label } from '@/components/ui/label';
> 18 | import { Checkbox } from '@/components/ui/checkbox';
     | ^^^^^^^^^^^^^^^^^^^^^^^^^^^^^^^^^^^^^^^^^^^^^^^^^^^^
  19 |
  20 | const checkoutSchema = z.object({
  21 |   customerName: z.string().min(2, 'Ad soyad en az 2 karakter olmalıdır'),

Import map: aliased to relative './src/components/ui/checkbox' inside of [project]/

Import traces:
  Client Component Browser:
    ./src/app/(shop)/checkout/page.tsx [Client Component Browser]
    ./src/app/(shop)/checkout/page.tsx [Server Component]

  Client Component SSR:
    ./src/app/(shop)/checkout/page.tsx [Client Component SSR]
    ./src/app/(shop)/checkout/page.tsx [Server Component]

https://nextjs.org/docs/messages/module-not-found @ http://localhost:3000/_next/static/chunks/node_modules_next_dist_1gdrd03._.js:1817
[  719562ms] [ERROR] ./src/app/(shop)/checkout/page.tsx:18:1
Error: Module not found: Can't resolve '@/components/ui/checkbox'
  16 | import { Input } from '@/components/ui/input';
  17 | import { Label } from '@/components/ui/label';
> 18 | import { Checkbox } from '@/components/ui/checkbox';
     | ^^^^^^^^^^^^^^^^^^^^^^^^^^^^^^^^^^^^^^^^^^^^^^^^^^^^
  19 |
  20 | const checkoutSchema = z.object({
  21 |   customerName: z.string().min(2, 'Ad soyad en az 2 karakter olmalıdır'),

Import map: aliased to relative './src/components/ui/checkbox' inside of [project]/

Import traces:
  Client Component Browser:
    ./src/app/(shop)/checkout/page.tsx [Client Component Browser]
    ./src/app/(shop)/checkout/page.tsx [Server Component]

  Client Component SSR:
    ./src/app/(shop)/checkout/page.tsx [Client Component SSR]
    ./src/app/(shop)/checkout/page.tsx [Server Component]

https://nextjs.org/docs/messages/module-not-found @ http://localhost:3000/_next/static/chunks/node_modules_next_dist_1gdrd03._.js:1817
[  720536ms] [ERROR] ./src/app/(shop)/checkout/page.tsx:18:1
Error: Module not found: Can't resolve '@/components/ui/checkbox'
  16 | import { Input } from '@/components/ui/input';
  17 | import { Label } from '@/components/ui/label';
> 18 | import { Checkbox } from '@/components/ui/checkbox';
     | ^^^^^^^^^^^^^^^^^^^^^^^^^^^^^^^^^^^^^^^^^^^^^^^^^^^^
  19 |
  20 | const checkoutSchema = z.object({
  21 |   customerName: z.string().min(2, 'Ad soyad en az 2 karakter olmalıdır'),

Import map: aliased to relative './src/components/ui/checkbox' inside of [project]/

Import traces:
  Client Component Browser:
    ./src/app/(shop)/checkout/page.tsx [Client Component Browser]
    ./src/app/(shop)/checkout/page.tsx [Server Component]

  Client Component SSR:
    ./src/app/(shop)/checkout/page.tsx [Client Component SSR]
    ./src/app/(shop)/checkout/page.tsx [Server Component]

https://nextjs.org/docs/messages/module-not-found @ http://localhost:3000/_next/static/chunks/node_modules_next_dist_1gdrd03._.js:1817
[  720558ms] [ERROR] Failed to load resource: the server responded with a status of 500 (Internal Server Error) @ http://localhost:3000/products/bosch-fren-balata-seti-test-urunu:0
[  720576ms] [INFO] %cDownload the React DevTools for a better development experience: https://react.dev/link/react-devtools font-weight:bold @ http://localhost:3000/_next/static/chunks/node_modules_react-dom_0kla17-._.js:15093
[  720581ms] Error: ./src/app/(shop)/checkout/page.tsx:18:1
Error: Module not found: Can't resolve '@/components/ui/checkbox'
  16 | import { Input } from '@/components/ui/input';
  17 | import { Label } from '@/components/ui/label';
> 18 | import { Checkbox } from '@/components/ui/checkbox';
     | ^^^^^^^^^^^^^^^^^^^^^^^^^^^^^^^^^^^^^^^^^^^^^^^^^^^^
  19 |
  20 | const checkoutSchema = z.object({
  21 |   customerName: z.string().min(2, 'Ad soyad en az 2 karakter olmalıdır'),

Import map: aliased to relative './src/components/ui/checkbox' inside of [project]/


Import traces:
  Client Component Browser:
    ./src/app/(shop)/checkout/page.tsx [Client Component Browser]
    ./src/app/(shop)/checkout/page.tsx [Server Component]

  Client Component SSR:
    ./src/app/(shop)/checkout/page.tsx [Client Component SSR]
    ./src/app/(shop)/checkout/page.tsx [Server Component]

https://nextjs.org/docs/messages/module-not-found


    at <unknown> (Error: ./src/app/(shop)/checkout/page.tsx:18:1)
    at <unknown> (https://nextjs.org/docs/messages/module-not-found)
    at Object.getCompilationErrors (file:///Users/sercanfurunci/Desktop/akinel-yedekparca/apps/web/node_modules/next/dist/server/dev/hot-reloader-turbopack.js:1417:59)
    at DevBundlerService.getCompilationError (file:///Users/sercanfurunci/Desktop/akinel-yedekparca/apps/web/node_modules/next/dist/server/lib/dev-bundler-service.js:59:55)
    at DevServer.getCompilationError (file:///Users/sercanfurunci/Desktop/akinel-yedekparca/apps/web/node_modules/next/dist/server/dev/next-dev-server.js:754:42)
    at DevServer.findPageComponents (file:///Users/sercanfurunci/Desktop/akinel-yedekparca/apps/web/node_modules/next/dist/server/dev/next-dev-server.js:724:43)
    at async DevServer.renderErrorToResponseImpl (file:///Users/sercanfurunci/Desktop/akinel-yedekparca/apps/web/node_modules/next/dist/server/base-server.js:1828:26)
[  720581ms] [LOG] [HMR] connected @ http://localhost:3000/_next/static/chunks/node_modules_next_dist_1gdrd03._.js:756
[  720582ms] [ERROR] ./src/app/(shop)/checkout/page.tsx:18:1
Error: Module not found: Can't resolve '@/components/ui/checkbox'
  16 | import { Input } from '@/components/ui/input';
  17 | import { Label } from '@/components/ui/label';
> 18 | import { Checkbox } from '@/components/ui/checkbox';
     | ^^^^^^^^^^^^^^^^^^^^^^^^^^^^^^^^^^^^^^^^^^^^^^^^^^^^
  19 |
  20 | const checkoutSchema = z.object({
  21 |   customerName: z.string().min(2, 'Ad soyad en az 2 karakter olmalıdır'),

Import map: aliased to relative './src/components/ui/checkbox' inside of [project]/

Import traces:
  Client Component Browser:
    ./src/app/(shop)/checkout/page.tsx [Client Component Browser]
    ./src/app/(shop)/checkout/page.tsx [Server Component]

  Client Component SSR:
    ./src/app/(shop)/checkout/page.tsx [Client Component SSR]
    ./src/app/(shop)/checkout/page.tsx [Server Component]

https://nextjs.org/docs/messages/module-not-found @ http://localhost:3000/_next/static/chunks/node_modules_next_dist_1gdrd03._.js:1817
[  720583ms] [ERROR] ./src/app/(shop)/checkout/page.tsx:18:1
Error: Module not found: Can't resolve '@/components/ui/checkbox'
  16 | import { Input } from '@/components/ui/input';
  17 | import { Label } from '@/components/ui/label';
> 18 | import { Checkbox } from '@/components/ui/checkbox';
     | ^^^^^^^^^^^^^^^^^^^^^^^^^^^^^^^^^^^^^^^^^^^^^^^^^^^^
  19 |
  20 | const checkoutSchema = z.object({
  21 |   customerName: z.string().min(2, 'Ad soyad en az 2 karakter olmalıdır'),

Import map: aliased to relative './src/components/ui/checkbox' inside of [project]/

Import traces:
  Client Component Browser:
    ./src/app/(shop)/checkout/page.tsx [Client Component Browser]
    ./src/app/(shop)/checkout/page.tsx [Server Component]

  Client Component SSR:
    ./src/app/(shop)/checkout/page.tsx [Client Component SSR]
    ./src/app/(shop)/checkout/page.tsx [Server Component]

https://nextjs.org/docs/messages/module-not-found @ http://localhost:3000/_next/static/chunks/node_modules_next_dist_1gdrd03._.js:1817
[  720615ms] [ERROR] ./src/app/(shop)/checkout/page.tsx:18:1
Error: Module not found: Can't resolve '@/components/ui/checkbox'
  16 | import { Input } from '@/components/ui/input';
  17 | import { Label } from '@/components/ui/label';
> 18 | import { Checkbox } from '@/components/ui/checkbox';
     | ^^^^^^^^^^^^^^^^^^^^^^^^^^^^^^^^^^^^^^^^^^^^^^^^^^^^
  19 |
  20 | const checkoutSchema = z.object({
  21 |   customerName: z.string().min(2, 'Ad soyad en az 2 karakter olmalıdır'),

Import map: aliased to relative './src/components/ui/checkbox' inside of [project]/

Import traces:
  Client Component Browser:
    ./src/app/(shop)/checkout/page.tsx [Client Component Browser]
    ./src/app/(shop)/checkout/page.tsx [Server Component]

  Client Component SSR:
    ./src/app/(shop)/checkout/page.tsx [Client Component SSR]
    ./src/app/(shop)/checkout/page.tsx [Server Component]

https://nextjs.org/docs/messages/module-not-found @ http://localhost:3000/_next/static/chunks/node_modules_next_dist_1gdrd03._.js:1817
[  722051ms] [ERROR] Failed to load resource: the server responded with a status of 500 (Internal Server Error) @ http://localhost:3000/products/bosch-fren-balata-seti-test-urunu:0
[  722067ms] [INFO] %cDownload the React DevTools for a better development experience: https://react.dev/link/react-devtools font-weight:bold @ http://localhost:3000/_next/static/chunks/node_modules_react-dom_0kla17-._.js:15093
[  722071ms] Error: ./src/app/(shop)/checkout/page.tsx:18:1
Error: Module not found: Can't resolve '@/components/ui/checkbox'
  16 | import { Input } from '@/components/ui/input';
  17 | import { Label } from '@/components/ui/label';
> 18 | import { Checkbox } from '@/components/ui/checkbox';
     | ^^^^^^^^^^^^^^^^^^^^^^^^^^^^^^^^^^^^^^^^^^^^^^^^^^^^
  19 |
  20 | const checkoutSchema = z.object({
  21 |   customerName: z.string().min(2, 'Ad soyad en az 2 karakter olmalıdır'),

Import map: aliased to relative './src/components/ui/checkbox' inside of [project]/


Import traces:
  Client Component Browser:
    ./src/app/(shop)/checkout/page.tsx [Client Component Browser]
    ./src/app/(shop)/checkout/page.tsx [Server Component]

  Client Component SSR:
    ./src/app/(shop)/checkout/page.tsx [Client Component SSR]
    ./src/app/(shop)/checkout/page.tsx [Server Component]

https://nextjs.org/docs/messages/module-not-found


    at <unknown> (Error: ./src/app/(shop)/checkout/page.tsx:18:1)
    at <unknown> (https://nextjs.org/docs/messages/module-not-found)
    at Object.getCompilationErrors (file:///Users/sercanfurunci/Desktop/akinel-yedekparca/apps/web/node_modules/next/dist/server/dev/hot-reloader-turbopack.js:1417:59)
    at DevBundlerService.getCompilationError (file:///Users/sercanfurunci/Desktop/akinel-yedekparca/apps/web/node_modules/next/dist/server/lib/dev-bundler-service.js:59:55)
    at DevServer.getCompilationError (file:///Users/sercanfurunci/Desktop/akinel-yedekparca/apps/web/node_modules/next/dist/server/dev/next-dev-server.js:754:42)
    at DevServer.findPageComponents (file:///Users/sercanfurunci/Desktop/akinel-yedekparca/apps/web/node_modules/next/dist/server/dev/next-dev-server.js:724:43)
    at async DevServer.renderErrorToResponseImpl (file:///Users/sercanfurunci/Desktop/akinel-yedekparca/apps/web/node_modules/next/dist/server/base-server.js:1828:26)
[  722072ms] [LOG] [HMR] connected @ http://localhost:3000/_next/static/chunks/node_modules_next_dist_1gdrd03._.js:756
[  722072ms] [ERROR] ./src/app/(shop)/checkout/page.tsx:18:1
Error: Module not found: Can't resolve '@/components/ui/checkbox'
  16 | import { Input } from '@/components/ui/input';
  17 | import { Label } from '@/components/ui/label';
> 18 | import { Checkbox } from '@/components/ui/checkbox';
     | ^^^^^^^^^^^^^^^^^^^^^^^^^^^^^^^^^^^^^^^^^^^^^^^^^^^^
  19 |
  20 | const checkoutSchema = z.object({
  21 |   customerName: z.string().min(2, 'Ad soyad en az 2 karakter olmalıdır'),

Import map: aliased to relative './src/components/ui/checkbox' inside of [project]/

Import traces:
  Client Component Browser:
    ./src/app/(shop)/checkout/page.tsx [Client Component Browser]
    ./src/app/(shop)/checkout/page.tsx [Server Component]

  Client Component SSR:
    ./src/app/(shop)/checkout/page.tsx [Client Component SSR]
    ./src/app/(shop)/checkout/page.tsx [Server Component]

https://nextjs.org/docs/messages/module-not-found @ http://localhost:3000/_next/static/chunks/node_modules_next_dist_1gdrd03._.js:1817
[  722073ms] [ERROR] ./src/app/(shop)/checkout/page.tsx:18:1
Error: Module not found: Can't resolve '@/components/ui/checkbox'
  16 | import { Input } from '@/components/ui/input';
  17 | import { Label } from '@/components/ui/label';
> 18 | import { Checkbox } from '@/components/ui/checkbox';
     | ^^^^^^^^^^^^^^^^^^^^^^^^^^^^^^^^^^^^^^^^^^^^^^^^^^^^
  19 |
  20 | const checkoutSchema = z.object({
  21 |   customerName: z.string().min(2, 'Ad soyad en az 2 karakter olmalıdır'),

Import map: aliased to relative './src/components/ui/checkbox' inside of [project]/

Import traces:
  Client Component Browser:
    ./src/app/(shop)/checkout/page.tsx [Client Component Browser]
    ./src/app/(shop)/checkout/page.tsx [Server Component]

  Client Component SSR:
    ./src/app/(shop)/checkout/page.tsx [Client Component SSR]
    ./src/app/(shop)/checkout/page.tsx [Server Component]

https://nextjs.org/docs/messages/module-not-found @ http://localhost:3000/_next/static/chunks/node_modules_next_dist_1gdrd03._.js:1817
[  722105ms] [ERROR] ./src/app/(shop)/checkout/page.tsx:18:1
Error: Module not found: Can't resolve '@/components/ui/checkbox'
  16 | import { Input } from '@/components/ui/input';
  17 | import { Label } from '@/components/ui/label';
> 18 | import { Checkbox } from '@/components/ui/checkbox';
     | ^^^^^^^^^^^^^^^^^^^^^^^^^^^^^^^^^^^^^^^^^^^^^^^^^^^^
  19 |
  20 | const checkoutSchema = z.object({
  21 |   customerName: z.string().min(2, 'Ad soyad en az 2 karakter olmalıdır'),

Import map: aliased to relative './src/components/ui/checkbox' inside of [project]/

Import traces:
  Client Component Browser:
    ./src/app/(shop)/checkout/page.tsx [Client Component Browser]
    ./src/app/(shop)/checkout/page.tsx [Server Component]

  Client Component SSR:
    ./src/app/(shop)/checkout/page.tsx [Client Component SSR]
    ./src/app/(shop)/checkout/page.tsx [Server Component]

https://nextjs.org/docs/messages/module-not-found @ http://localhost:3000/_next/static/chunks/node_modules_next_dist_1gdrd03._.js:1817
[  723994ms] [ERROR] Failed to load resource: the server responded with a status of 500 (Internal Server Error) @ http://localhost:3000/products/bosch-fren-balata-seti-test-urunu:0
[  724010ms] [INFO] %cDownload the React DevTools for a better development experience: https://react.dev/link/react-devtools font-weight:bold @ http://localhost:3000/_next/static/chunks/node_modules_react-dom_0kla17-._.js:15093
[  724015ms] Error: ./src/app/(shop)/checkout/page.tsx:18:1
Error: Module not found: Can't resolve '@/components/ui/checkbox'
  16 | import { Input } from '@/components/ui/input';
  17 | import { Label } from '@/components/ui/label';
> 18 | import { Checkbox } from '@/components/ui/checkbox';
     | ^^^^^^^^^^^^^^^^^^^^^^^^^^^^^^^^^^^^^^^^^^^^^^^^^^^^
  19 |
  20 | const checkoutSchema = z.object({
  21 |   customerName: z.string().min(2, 'Ad soyad en az 2 karakter olmalıdır'),

Import map: aliased to relative './src/components/ui/checkbox' inside of [project]/


Import traces:
  Client Component Browser:
    ./src/app/(shop)/checkout/page.tsx [Client Component Browser]
    ./src/app/(shop)/checkout/page.tsx [Server Component]

  Client Component SSR:
    ./src/app/(shop)/checkout/page.tsx [Client Component SSR]
    ./src/app/(shop)/checkout/page.tsx [Server Component]

https://nextjs.org/docs/messages/module-not-found


    at <unknown> (Error: ./src/app/(shop)/checkout/page.tsx:18:1)
    at <unknown> (https://nextjs.org/docs/messages/module-not-found)
    at Object.getCompilationErrors (file:///Users/sercanfurunci/Desktop/akinel-yedekparca/apps/web/node_modules/next/dist/server/dev/hot-reloader-turbopack.js:1417:59)
    at DevBundlerService.getCompilationError (file:///Users/sercanfurunci/Desktop/akinel-yedekparca/apps/web/node_modules/next/dist/server/lib/dev-bundler-service.js:59:55)
    at DevServer.getCompilationError (file:///Users/sercanfurunci/Desktop/akinel-yedekparca/apps/web/node_modules/next/dist/server/dev/next-dev-server.js:754:42)
    at DevServer.findPageComponents (file:///Users/sercanfurunci/Desktop/akinel-yedekparca/apps/web/node_modules/next/dist/server/dev/next-dev-server.js:724:43)
    at async DevServer.renderErrorToResponseImpl (file:///Users/sercanfurunci/Desktop/akinel-yedekparca/apps/web/node_modules/next/dist/server/base-server.js:1828:26)
[  724015ms] [LOG] [HMR] connected @ http://localhost:3000/_next/static/chunks/node_modules_next_dist_1gdrd03._.js:756
[  724016ms] [ERROR] ./src/app/(shop)/checkout/page.tsx:18:1
Error: Module not found: Can't resolve '@/components/ui/checkbox'
  16 | import { Input } from '@/components/ui/input';
  17 | import { Label } from '@/components/ui/label';
> 18 | import { Checkbox } from '@/components/ui/checkbox';
     | ^^^^^^^^^^^^^^^^^^^^^^^^^^^^^^^^^^^^^^^^^^^^^^^^^^^^
  19 |
  20 | const checkoutSchema = z.object({
  21 |   customerName: z.string().min(2, 'Ad soyad en az 2 karakter olmalıdır'),

Import map: aliased to relative './src/components/ui/checkbox' inside of [project]/

Import traces:
  Client Component Browser:
    ./src/app/(shop)/checkout/page.tsx [Client Component Browser]
    ./src/app/(shop)/checkout/page.tsx [Server Component]

  Client Component SSR:
    ./src/app/(shop)/checkout/page.tsx [Client Component SSR]
    ./src/app/(shop)/checkout/page.tsx [Server Component]

https://nextjs.org/docs/messages/module-not-found @ http://localhost:3000/_next/static/chunks/node_modules_next_dist_1gdrd03._.js:1817
[  724048ms] [ERROR] ./src/app/(shop)/checkout/page.tsx:18:1
Error: Module not found: Can't resolve '@/components/ui/checkbox'
  16 | import { Input } from '@/components/ui/input';
  17 | import { Label } from '@/components/ui/label';
> 18 | import { Checkbox } from '@/components/ui/checkbox';
     | ^^^^^^^^^^^^^^^^^^^^^^^^^^^^^^^^^^^^^^^^^^^^^^^^^^^^
  19 |
  20 | const checkoutSchema = z.object({
  21 |   customerName: z.string().min(2, 'Ad soyad en az 2 karakter olmalıdır'),

Import map: aliased to relative './src/components/ui/checkbox' inside of [project]/

Import traces:
  Client Component Browser:
    ./src/app/(shop)/checkout/page.tsx [Client Component Browser]
    ./src/app/(shop)/checkout/page.tsx [Server Component]

  Client Component SSR:
    ./src/app/(shop)/checkout/page.tsx [Client Component SSR]
    ./src/app/(shop)/checkout/page.tsx [Server Component]

https://nextjs.org/docs/messages/module-not-found @ http://localhost:3000/_next/static/chunks/node_modules_next_dist_1gdrd03._.js:1817
[  725544ms] [ERROR] Failed to load resource: the server responded with a status of 500 (Internal Server Error) @ http://localhost:3000/products/bosch-fren-balata-seti-test-urunu:0
[  725560ms] [INFO] %cDownload the React DevTools for a better development experience: https://react.dev/link/react-devtools font-weight:bold @ http://localhost:3000/_next/static/chunks/node_modules_react-dom_0kla17-._.js:15093
[  725564ms] Error: ./src/app/(shop)/checkout/page.tsx:18:1
Error: Module not found: Can't resolve '@/components/ui/checkbox'
  16 | import { Input } from '@/components/ui/input';
  17 | import { Label } from '@/components/ui/label';
> 18 | import { Checkbox } from '@/components/ui/checkbox';
     | ^^^^^^^^^^^^^^^^^^^^^^^^^^^^^^^^^^^^^^^^^^^^^^^^^^^^
  19 |
  20 | const checkoutSchema = z.object({
  21 |   customerName: z.string().min(2, 'Ad soyad en az 2 karakter olmalıdır'),

Import map: aliased to relative './src/components/ui/checkbox' inside of [project]/


Import traces:
  Client Component Browser:
    ./src/app/(shop)/checkout/page.tsx [Client Component Browser]
    ./src/app/(shop)/checkout/page.tsx [Server Component]

  Client Component SSR:
    ./src/app/(shop)/checkout/page.tsx [Client Component SSR]
    ./src/app/(shop)/checkout/page.tsx [Server Component]

https://nextjs.org/docs/messages/module-not-found


    at <unknown> (Error: ./src/app/(shop)/checkout/page.tsx:18:1)
    at <unknown> (https://nextjs.org/docs/messages/module-not-found)
    at Object.getCompilationErrors (file:///Users/sercanfurunci/Desktop/akinel-yedekparca/apps/web/node_modules/next/dist/server/dev/hot-reloader-turbopack.js:1417:59)
    at DevBundlerService.getCompilationError (file:///Users/sercanfurunci/Desktop/akinel-yedekparca/apps/web/node_modules/next/dist/server/lib/dev-bundler-service.js:59:55)
    at DevServer.getCompilationError (file:///Users/sercanfurunci/Desktop/akinel-yedekparca/apps/web/node_modules/next/dist/server/dev/next-dev-server.js:754:42)
    at DevServer.findPageComponents (file:///Users/sercanfurunci/Desktop/akinel-yedekparca/apps/web/node_modules/next/dist/server/dev/next-dev-server.js:724:43)
    at async DevServer.renderErrorToResponseImpl (file:///Users/sercanfurunci/Desktop/akinel-yedekparca/apps/web/node_modules/next/dist/server/base-server.js:1828:26)
[  725565ms] [LOG] [HMR] connected @ http://localhost:3000/_next/static/chunks/node_modules_next_dist_1gdrd03._.js:756
[  725565ms] [ERROR] ./src/app/(shop)/checkout/page.tsx:18:1
Error: Module not found: Can't resolve '@/components/ui/checkbox'
  16 | import { Input } from '@/components/ui/input';
  17 | import { Label } from '@/components/ui/label';
> 18 | import { Checkbox } from '@/components/ui/checkbox';
     | ^^^^^^^^^^^^^^^^^^^^^^^^^^^^^^^^^^^^^^^^^^^^^^^^^^^^
  19 |
  20 | const checkoutSchema = z.object({
  21 |   customerName: z.string().min(2, 'Ad soyad en az 2 karakter olmalıdır'),

Import map: aliased to relative './src/components/ui/checkbox' inside of [project]/

Import traces:
  Client Component Browser:
    ./src/app/(shop)/checkout/page.tsx [Client Component Browser]
    ./src/app/(shop)/checkout/page.tsx [Server Component]

  Client Component SSR:
    ./src/app/(shop)/checkout/page.tsx [Client Component SSR]
    ./src/app/(shop)/checkout/page.tsx [Server Component]

https://nextjs.org/docs/messages/module-not-found @ http://localhost:3000/_next/static/chunks/node_modules_next_dist_1gdrd03._.js:1817
[  725598ms] [ERROR] ./src/app/(shop)/checkout/page.tsx:18:1
Error: Module not found: Can't resolve '@/components/ui/checkbox'
  16 | import { Input } from '@/components/ui/input';
  17 | import { Label } from '@/components/ui/label';
> 18 | import { Checkbox } from '@/components/ui/checkbox';
     | ^^^^^^^^^^^^^^^^^^^^^^^^^^^^^^^^^^^^^^^^^^^^^^^^^^^^
  19 |
  20 | const checkoutSchema = z.object({
  21 |   customerName: z.string().min(2, 'Ad soyad en az 2 karakter olmalıdır'),

Import map: aliased to relative './src/components/ui/checkbox' inside of [project]/

Import traces:
  Client Component Browser:
    ./src/app/(shop)/checkout/page.tsx [Client Component Browser]
    ./src/app/(shop)/checkout/page.tsx [Server Component]

  Client Component SSR:
    ./src/app/(shop)/checkout/page.tsx [Client Component SSR]
    ./src/app/(shop)/checkout/page.tsx [Server Component]

https://nextjs.org/docs/messages/module-not-found @ http://localhost:3000/_next/static/chunks/node_modules_next_dist_1gdrd03._.js:1817
[  745314ms] [INFO] %cDownload the React DevTools for a better development experience: https://react.dev/link/react-devtools font-weight:bold @ http://localhost:3000/_next/static/chunks/node_modules_next_dist_1e8vcs8._.js:776
[  745321ms] [LOG] [HMR] connected @ http://localhost:3000/_next/static/chunks/node_modules_next_dist_1e8vcs8._.js:776
[ 1108455ms] [ERROR] WebSocket connection to 'ws://localhost:3000/_next/hmr?id=WRCu-titzB5nWDJMvgJTT' failed: Error in connection establishment: net::ERR_CONNECTION_REFUSED @ http://localhost:3000/_next/static/chunks/node_modules_next_dist_client_0_90u2t._.js:16348
[ 1109457ms] [ERROR] WebSocket connection to 'ws://localhost:3000/_next/hmr?id=WRCu-titzB5nWDJMvgJTT' failed: Error in connection establishment: net::ERR_CONNECTION_REFUSED @ http://localhost:3000/_next/static/chunks/node_modules_next_dist_client_0_90u2t._.js:16348
[ 1110461ms] [LOG] [HMR] connected @ http://localhost:3000/_next/static/chunks/node_modules_next_dist_1e8vcs8._.js:776
[ 1111287ms] [INFO] %cDownload the React DevTools for a better development experience: https://react.dev/link/react-devtools font-weight:bold @ http://localhost:3000/_next/static/chunks/node_modules_next_dist_1e8vcs8._.js:776
[ 1111298ms] [LOG] [HMR] connected @ http://localhost:3000/_next/static/chunks/node_modules_next_dist_1e8vcs8._.js:776
